================================================================================
[2025-11-18 15:38:35] ERROR
Message: SQLSTATE[23000]: Integrity constraint violation: 1062 Duplicate entry 'ICT005' for key 'staff_number'
File: C:\xampp\htdocs\v0-payroll-report-platform\api\staffs\index.php
Line: 155
Context: {"query":"INSERT INTO staffs (`staff_number`, `first_name`, `last_name`, `other_names`, `ssnit`, `ghana_card`, \r\n                  `department_id`, `designation_id`, `status` , `bank_name`, `account_number`, `basic_salary`, `salary_currency`, `hire_date`, `bonded`) \r\n                  VALUES (:staff_number, :first_name, :last_name, :other_names, :ssnit, :ghanacard, \r\n                  :department_id, :designation_id, :status, :bank_name, :account_number, :basic_salary, :salary_currency, :hire_date, :bonded)","params":{"method":"POST","endpoint":"staffs","staff_number":"N\/A"},"type":"DATABASE_ERROR"}
Stack Trace:
#0 C:\xampp\htdocs\v0-payroll-report-platform\api\staffs\index.php(155): PDOStatement->execute()
#1 {main}
================================================================================

================================================================================
[2025-11-18 17:21:21] ERROR
Message: SQLSTATE[23000]: Integrity constraint violation: 1062 Duplicate entry 'ICT006' for key 'staff_number'
File: C:\xampp\htdocs\v0-payroll-report-platform\api\staffs\index.php
Line: 155
Context: {"query":"INSERT INTO staffs (`staff_number`, `first_name`, `last_name`, `other_names`, `ssnit`, `ghana_card`, \r\n                  `department_id`, `designation_id`, `status` , `bank_name`, `account_number`, `basic_salary`, `salary_currency`, `hire_date`, `bonded`) \r\n                  VALUES (:staff_number, :first_name, :last_name, :other_names, :ssnit, :ghanacard, \r\n                  :department_id, :designation_id, :status, :bank_name, :account_number, :basic_salary, :salary_currency, :hire_date, :bonded)","params":{"method":"POST","endpoint":"staffs","staff_number":"N\/A"},"type":"DATABASE_ERROR"}
Stack Trace:
#0 C:\xampp\htdocs\v0-payroll-report-platform\api\staffs\index.php(155): PDOStatement->execute()
#1 {main}
================================================================================

================================================================================
[2025-11-18 17:23:36] ERROR
Message: SQLSTATE[HY093]: Invalid parameter number: number of bound variables does not match number of tokens
File: C:\xampp\htdocs\v0-payroll-report-platform\api\staffs\index.php
Line: 166
Context: {"query":"INSERT INTO staffs (`staff_number`, `first_name`, `last_name`, `other_names`, `ssnit`, `ghana_card`, \r\n                  `department_id`, `designation_id`, `status` , `bank_name`, `account_number`, `basic_salary`, `salary_currency`, `hire_date`, `bonded`) \r\n                  VALUES (:staff_number, :first_name, :last_name, :other_names, :ssnit, :ghanacard, \r\n                  :department_id, :designation_id, :status, :bank_name, :account_number, :basic_salary, :salary_currency, :hire_date, :bonded)","params":{"method":"POST","endpoint":"staffs","staff_number":"N\/A"},"type":"DATABASE_ERROR"}
Stack Trace:
#0 C:\xampp\htdocs\v0-payroll-report-platform\api\staffs\index.php(166): PDOStatement->execute()
#1 {main}
================================================================================

================================================================================
[2025-11-18 17:23:37] ERROR
Message: SQLSTATE[23000]: Integrity constraint violation: 1062 Duplicate entry 'ICT006' for key 'staff_number'
File: C:\xampp\htdocs\v0-payroll-report-platform\api\staffs\index.php
Line: 155
Context: {"query":"INSERT INTO staffs (`staff_number`, `first_name`, `last_name`, `other_names`, `ssnit`, `ghana_card`, \r\n                  `department_id`, `designation_id`, `status` , `bank_name`, `account_number`, `basic_salary`, `salary_currency`, `hire_date`, `bonded`) \r\n                  VALUES (:staff_number, :first_name, :last_name, :other_names, :ssnit, :ghanacard, \r\n                  :department_id, :designation_id, :status, :bank_name, :account_number, :basic_salary, :salary_currency, :hire_date, :bonded)","params":{"method":"POST","endpoint":"staffs","staff_number":"N\/A"},"type":"DATABASE_ERROR"}
Stack Trace:
#0 C:\xampp\htdocs\v0-payroll-report-platform\api\staffs\index.php(155): PDOStatement->execute()
#1 {main}
================================================================================

================================================================================
[2025-11-18 17:24:16] ERROR
Message: SQLSTATE[23000]: Integrity constraint violation: 1062 Duplicate entry 'ICT006' for key 'staff_number'
File: C:\xampp\htdocs\v0-payroll-report-platform\api\staffs\index.php
Line: 155
Context: {"query":"INSERT INTO staffs (`staff_number`, `first_name`, `last_name`, `other_names`, `ssnit`, `ghana_card`, \r\n                  `department_id`, `designation_id`, `status` , `bank_name`, `account_number`, `basic_salary`, `salary_currency`, `hire_date`, `bonded`) \r\n                  VALUES (:staff_number, :first_name, :last_name, :other_names, :ssnit, :ghanacard, \r\n                  :department_id, :designation_id, :status, :bank_name, :account_number, :basic_salary, :salary_currency, :hire_date, :bonded)","params":{"method":"POST","endpoint":"staffs","staff_number":"N\/A"},"type":"DATABASE_ERROR"}
Stack Trace:
#0 C:\xampp\htdocs\v0-payroll-report-platform\api\staffs\index.php(155): PDOStatement->execute()
#1 {main}
================================================================================

================================================================================
[2025-11-18 17:24:16] ERROR
Message: SQLSTATE[23000]: Integrity constraint violation: 1048 Column 'deduction_id' cannot be null
File: C:\xampp\htdocs\v0-payroll-report-platform\api\staffs\index.php
Line: 189
Context: {"query":"INSERT INTO staffs (`staff_number`, `first_name`, `last_name`, `other_names`, `ssnit`, `ghana_card`, \r\n                  `department_id`, `designation_id`, `status` , `bank_name`, `account_number`, `basic_salary`, `salary_currency`, `hire_date`, `bonded`) \r\n                  VALUES (:staff_number, :first_name, :last_name, :other_names, :ssnit, :ghanacard, \r\n                  :department_id, :designation_id, :status, :bank_name, :account_number, :basic_salary, :salary_currency, :hire_date, :bonded)","params":{"method":"POST","endpoint":"staffs","staff_number":"N\/A"},"type":"DATABASE_ERROR"}
Stack Trace:
#0 C:\xampp\htdocs\v0-payroll-report-platform\api\staffs\index.php(189): PDOStatement->execute()
#1 {main}
================================================================================

================================================================================
[2025-11-18 17:25:15] ERROR
Message: SQLSTATE[23000]: Integrity constraint violation: 1062 Duplicate entry 'ICT006' for key 'staff_number'
File: C:\xampp\htdocs\v0-payroll-report-platform\api\staffs\index.php
Line: 155
Context: {"query":"INSERT INTO staffs (`staff_number`, `first_name`, `last_name`, `other_names`, `ssnit`, `ghana_card`, \r\n                  `department_id`, `designation_id`, `status` , `bank_name`, `account_number`, `basic_salary`, `salary_currency`, `hire_date`, `bonded`) \r\n                  VALUES (:staff_number, :first_name, :last_name, :other_names, :ssnit, :ghanacard, \r\n                  :department_id, :designation_id, :status, :bank_name, :account_number, :basic_salary, :salary_currency, :hire_date, :bonded)","params":{"method":"POST","endpoint":"staffs","staff_number":"N\/A"},"type":"DATABASE_ERROR"}
Stack Trace:
#0 C:\xampp\htdocs\v0-payroll-report-platform\api\staffs\index.php(155): PDOStatement->execute()
#1 {main}
================================================================================

================================================================================
[2025-11-18 17:25:15] ERROR
Message: SQLSTATE[23000]: Integrity constraint violation: 1062 Duplicate entry 'ICT006' for key 'staff_number'
File: C:\xampp\htdocs\v0-payroll-report-platform\api\staffs\index.php
Line: 155
Context: {"query":"INSERT INTO staffs (`staff_number`, `first_name`, `last_name`, `other_names`, `ssnit`, `ghana_card`, \r\n                  `department_id`, `designation_id`, `status` , `bank_name`, `account_number`, `basic_salary`, `salary_currency`, `hire_date`, `bonded`) \r\n                  VALUES (:staff_number, :first_name, :last_name, :other_names, :ssnit, :ghanacard, \r\n                  :department_id, :designation_id, :status, :bank_name, :account_number, :basic_salary, :salary_currency, :hire_date, :bonded)","params":{"method":"POST","endpoint":"staffs","staff_number":"N\/A"},"type":"DATABASE_ERROR"}
Stack Trace:
#0 C:\xampp\htdocs\v0-payroll-report-platform\api\staffs\index.php(155): PDOStatement->execute()
#1 {main}
================================================================================

================================================================================
[2025-11-18 17:29:34] ERROR
Message: SQLSTATE[23000]: Integrity constraint violation: 1062 Duplicate entry 'ICT006' for key 'staff_number'
File: C:\xampp\htdocs\v0-payroll-report-platform\api\staffs\index.php
Line: 155
Context: {"query":"INSERT INTO staffs (`staff_number`, `first_name`, `last_name`, `other_names`, `ssnit`, `ghana_card`, \r\n                  `department_id`, `designation_id`, `status` , `bank_name`, `account_number`, `basic_salary`, `salary_currency`, `hire_date`, `bonded`) \r\n                  VALUES (:staff_number, :first_name, :last_name, :other_names, :ssnit, :ghanacard, \r\n                  :department_id, :designation_id, :status, :bank_name, :account_number, :basic_salary, :salary_currency, :hire_date, :bonded)","params":{"method":"POST","endpoint":"staffs","staff_number":"N\/A"},"type":"DATABASE_ERROR"}
Stack Trace:
#0 C:\xampp\htdocs\v0-payroll-report-platform\api\staffs\index.php(155): PDOStatement->execute()
#1 {main}
================================================================================

================================================================================
[2025-11-18 17:29:34] ERROR
Message: SQLSTATE[23000]: Integrity constraint violation: 1048 Column 'deduction_id' cannot be null
File: C:\xampp\htdocs\v0-payroll-report-platform\api\staffs\index.php
Line: 189
Context: {"query":"INSERT INTO staffs (`staff_number`, `first_name`, `last_name`, `other_names`, `ssnit`, `ghana_card`, \r\n                  `department_id`, `designation_id`, `status` , `bank_name`, `account_number`, `basic_salary`, `salary_currency`, `hire_date`, `bonded`) \r\n                  VALUES (:staff_number, :first_name, :last_name, :other_names, :ssnit, :ghanacard, \r\n                  :department_id, :designation_id, :status, :bank_name, :account_number, :basic_salary, :salary_currency, :hire_date, :bonded)","params":{"method":"POST","endpoint":"staffs","staff_number":"N\/A"},"type":"DATABASE_ERROR"}
Stack Trace:
#0 C:\xampp\htdocs\v0-payroll-report-platform\api\staffs\index.php(189): PDOStatement->execute()
#1 {main}
================================================================================

================================================================================
[2025-11-18 18:21:35] ERROR
Message: SQLSTATE[42S22]: Column not found: 1054 Unknown column 'sd.allowance_id' in 'field list'
File: C:\xampp\htdocs\v0-payroll-report-platform\api\staffs\index.php
Line: 78
Context: {"query":"SELECT s.*, d.department_name, des.designation_name \r\n                      FROM staffs s\r\n                      LEFT JOIN departments d ON s.department_id = d.id\r\n                      LEFT JOIN designations des ON s.designation_id = des.id\r\n                      WHERE s.id = :id","params":{"method":"GET","endpoint":"staffs","staff_number":"N\/A"},"type":"DATABASE_ERROR"}
Stack Trace:
#0 C:\xampp\htdocs\v0-payroll-report-platform\api\staffs\index.php(78): PDOStatement->execute()
#1 {main}
================================================================================

================================================================================
[2025-11-19 12:33:49] ERROR
Message: SQLSTATE[42S22]: Column not found: 1054 Unknown column 'salary_currency' in 'field list'
File: C:\wamp642\www\payroll_system\api\staffs\index.php
Line: 155
Context: {"query":"INSERT INTO staffs (`staff_number`, `first_name`, `last_name`, `other_names`, `ssnit`, `ghana_card`, \r\n                  `department_id`, `designation_id`, `status` , `bank_name`, `account_number`, `basic_salary`, `salary_currency`, `hire_date`, `bonded`) \r\n                  VALUES (:staff_number, :first_name, :last_name, :other_names, :ssnit, :ghanacard, \r\n                  :department_id, :designation_id, :status, :bank_name, :account_number, :basic_salary, :salary_currency, :hire_date, :bonded)","params":{"method":"POST","endpoint":"staffs","staff_number":"N\/A"},"type":"DATABASE_ERROR"}
Stack Trace:
#0 C:\wamp642\www\payroll_system\api\staffs\index.php(155): PDOStatement->execute()
#1 {main}
================================================================================

================================================================================
[2025-11-19 12:33:55] ERROR
Message: SQLSTATE[42S22]: Column not found: 1054 Unknown column 'salary_currency' in 'field list'
File: C:\wamp642\www\payroll_system\api\staffs\index.php
Line: 155
Context: {"query":"INSERT INTO staffs (`staff_number`, `first_name`, `last_name`, `other_names`, `ssnit`, `ghana_card`, \r\n                  `department_id`, `designation_id`, `status` , `bank_name`, `account_number`, `basic_salary`, `salary_currency`, `hire_date`, `bonded`) \r\n                  VALUES (:staff_number, :first_name, :last_name, :other_names, :ssnit, :ghanacard, \r\n                  :department_id, :designation_id, :status, :bank_name, :account_number, :basic_salary, :salary_currency, :hire_date, :bonded)","params":{"method":"POST","endpoint":"staffs","staff_number":"N\/A"},"type":"DATABASE_ERROR"}
Stack Trace:
#0 C:\wamp642\www\payroll_system\api\staffs\index.php(155): PDOStatement->execute()
#1 {main}
================================================================================

================================================================================
[2025-11-19 15:09:03] ERROR
Message: SQLSTATE[23000]: Integrity constraint violation: 1048 Column 'deduction_id' cannot be null
File: C:\wamp642\www\payroll_system\api\staffs\index.php
Line: 178
Context: {"query":"INSERT INTO staffs (`staff_number`, `first_name`, `last_name`, `other_names`, `ssnit`, `ghana_card`, \r\n                  `department_id`, `designation_id`, `status` , `bank_name`, `account_number`, `basic_salary`, `salary_currency`, `hire_date`, `bonded`) \r\n                  VALUES (:staff_number, :first_name, :last_name, :other_names, :ssnit, :ghanacard, \r\n                  :department_id, :designation_id, :status, :bank_name, :account_number, :basic_salary, :salary_currency, :hire_date, :bonded)","params":{"method":"POST","endpoint":"staffs","staff_number":"N\/A"},"type":"DATABASE_ERROR"}
Stack Trace:
#0 C:\wamp642\www\payroll_system\api\staffs\index.php(178): PDOStatement->execute()
#1 {main}
================================================================================

================================================================================
[2025-11-19 15:09:09] ERROR
Message: SQLSTATE[23000]: Integrity constraint violation: 1062 Duplicate entry 'ICT001' for key 'staffs.staff_number'
File: C:\wamp642\www\payroll_system\api\staffs\index.php
Line: 155
Context: {"query":"INSERT INTO staffs (`staff_number`, `first_name`, `last_name`, `other_names`, `ssnit`, `ghana_card`, \r\n                  `department_id`, `designation_id`, `status` , `bank_name`, `account_number`, `basic_salary`, `salary_currency`, `hire_date`, `bonded`) \r\n                  VALUES (:staff_number, :first_name, :last_name, :other_names, :ssnit, :ghanacard, \r\n                  :department_id, :designation_id, :status, :bank_name, :account_number, :basic_salary, :salary_currency, :hire_date, :bonded)","params":{"method":"POST","endpoint":"staffs","staff_number":"N\/A"},"type":"DATABASE_ERROR"}
Stack Trace:
#0 C:\wamp642\www\payroll_system\api\staffs\index.php(155): PDOStatement->execute()
#1 {main}
================================================================================

================================================================================
[2025-11-19 15:09:59] ERROR
Message: SQLSTATE[23000]: Integrity constraint violation: 1062 Duplicate entry 'ICT001' for key 'staffs.staff_number'
File: C:\wamp642\www\payroll_system\api\staffs\index.php
Line: 155
Context: {"query":"INSERT INTO staffs (`staff_number`, `first_name`, `last_name`, `other_names`, `ssnit`, `ghana_card`, \r\n                  `department_id`, `designation_id`, `status` , `bank_name`, `account_number`, `basic_salary`, `salary_currency`, `hire_date`, `bonded`) \r\n                  VALUES (:staff_number, :first_name, :last_name, :other_names, :ssnit, :ghanacard, \r\n                  :department_id, :designation_id, :status, :bank_name, :account_number, :basic_salary, :salary_currency, :hire_date, :bonded)","params":{"method":"POST","endpoint":"staffs","staff_number":"N\/A"},"type":"DATABASE_ERROR"}
Stack Trace:
#0 C:\wamp642\www\payroll_system\api\staffs\index.php(155): PDOStatement->execute()
#1 {main}
================================================================================

================================================================================
[2026-01-13 11:40:45] ERROR
Message: SQLSTATE[23000]: Integrity constraint violation: 1048 Column 'action' cannot be null
File: C:\wamp642\www\payroll_system\api\allowances\index.php
Line: 154
Context: {"query":"UPDATE `allowances` SET \n          `allowance_code` = :code,\n          `allowance_name` = :name,\n          `description` = :description,\n          `is_percentage` = :is_percentage,\n          `default_amount` = :default_amount,\n          `is_bonded` = :is_bonded,\n          `eligible_status` = :eligible_status\n          WHERE id = :id","params":{"method":"PUT","endpoint":"allowances"},"type":"DATABASE_ERROR"}
Stack Trace:
#0 C:\wamp642\www\payroll_system\api\allowances\index.php(154): PDOStatement->execute()
#1 {main}
================================================================================

================================================================================
[2026-01-13 11:40:49] ERROR
Message: SQLSTATE[23000]: Integrity constraint violation: 1048 Column 'action' cannot be null
File: C:\wamp642\www\payroll_system\api\allowances\index.php
Line: 154
Context: {"query":"UPDATE `allowances` SET \n          `allowance_code` = :code,\n          `allowance_name` = :name,\n          `description` = :description,\n          `is_percentage` = :is_percentage,\n          `default_amount` = :default_amount,\n          `is_bonded` = :is_bonded,\n          `eligible_status` = :eligible_status\n          WHERE id = :id","params":{"method":"PUT","endpoint":"allowances"},"type":"DATABASE_ERROR"}
Stack Trace:
#0 C:\wamp642\www\payroll_system\api\allowances\index.php(154): PDOStatement->execute()
#1 {main}
================================================================================

================================================================================
[2026-01-13 11:44:02] ERROR
Message: SQLSTATE[23000]: Integrity constraint violation: 1048 Column 'action' cannot be null
File: C:\wamp642\www\payroll_system\api\allowances\index.php
Line: 154
Context: {"query":"UPDATE `allowances` SET \n          `allowance_code` = :code,\n          `allowance_name` = :name,\n          `description` = :description,\n          `is_percentage` = :is_percentage,\n          `default_amount` = :default_amount,\n          `is_bonded` = :is_bonded,\n          `eligible_status` = :eligible_status\n          WHERE id = :id","params":{"method":"PUT","endpoint":"allowances"},"type":"DATABASE_ERROR"}
Stack Trace:
#0 C:\wamp642\www\payroll_system\api\allowances\index.php(154): PDOStatement->execute()
#1 {main}
================================================================================

================================================================================
[2026-01-13 11:45:20] ERROR
Message: SQLSTATE[23000]: Integrity constraint violation: 1048 Column 'action' cannot be null
File: C:\wamp642\www\payroll_system\api\allowances\index.php
Line: 154
Context: {"query":"UPDATE `allowances` SET \n          `allowance_code` = :code,\n          `allowance_name` = :name,\n          `description` = :description,\n          `is_percentage` = :is_percentage,\n          `default_amount` = :default_amount,\n          `is_bonded` = :is_bonded,\n          `eligible_status` = :eligible_status\n          WHERE id = :id","params":{"method":"PUT","endpoint":"allowances"},"type":"DATABASE_ERROR"}
Stack Trace:
#0 C:\wamp642\www\payroll_system\api\allowances\index.php(154): PDOStatement->execute()
#1 {main}
================================================================================

================================================================================
[2026-01-13 11:45:55] ERROR
Message: SQLSTATE[23000]: Integrity constraint violation: 1048 Column 'action' cannot be null
File: C:\wamp642\www\payroll_system\api\allowances\index.php
Line: 154
Context: {"query":"UPDATE `allowances` SET \n          `allowance_code` = :code,\n          `allowance_name` = :name,\n          `description` = :description,\n          `is_percentage` = :is_percentage,\n          `default_amount` = :default_amount,\n          `is_bonded` = :is_bonded,\n          `eligible_status` = :eligible_status\n          WHERE id = :id","params":{"method":"PUT","endpoint":"allowances"},"type":"DATABASE_ERROR"}
Stack Trace:
#0 C:\wamp642\www\payroll_system\api\allowances\index.php(154): PDOStatement->execute()
#1 {main}
================================================================================

================================================================================
[2026-01-13 11:57:07] ERROR
Message: SQLSTATE[23000]: Integrity constraint violation: 1048 Column 'action' cannot be null
File: C:\wamp642\www\payroll_system\api\allowances\index.php
Line: 154
Context: {"query":"UPDATE `allowances` SET \n          `allowance_code` = :code,\n          `allowance_name` = :name,\n          `description` = :description,\n          `is_percentage` = :is_percentage,\n          `default_amount` = :default_amount,\n          `is_bonded` = :is_bonded,\n          `eligible_status` = :eligible_status\n          WHERE id = :id","params":{"method":"PUT","endpoint":"allowances"},"type":"DATABASE_ERROR"}
Stack Trace:
#0 C:\wamp642\www\payroll_system\api\allowances\index.php(154): PDOStatement->execute()
#1 {main}
================================================================================

================================================================================
[2026-01-13 11:59:17] ERROR
Message: SQLSTATE[23000]: Integrity constraint violation: 1048 Column 'action' cannot be null
File: C:\wamp642\www\payroll_system\api\allowances\index.php
Line: 154
Context: {"query":"UPDATE `allowances` SET \n          `allowance_code` = :code,\n          `allowance_name` = :name,\n          `description` = :description,\n          `is_percentage` = :is_percentage,\n          `default_amount` = :default_amount,\n          `is_bonded` = :is_bonded,\n          `eligible_status` = :eligible_status\n          WHERE id = :id","params":{"method":"PUT","endpoint":"allowances"},"type":"DATABASE_ERROR"}
Stack Trace:
#0 C:\wamp642\www\payroll_system\api\allowances\index.php(154): PDOStatement->execute()
#1 {main}
================================================================================

================================================================================
[2026-01-13 11:59:47] ERROR
Message: SQLSTATE[23000]: Integrity constraint violation: 1048 Column 'action' cannot be null
File: C:\wamp642\www\payroll_system\api\allowances\index.php
Line: 154
Context: {"query":"UPDATE `allowances` SET \n          `allowance_code` = :code,\n          `allowance_name` = :name,\n          `description` = :description,\n          `is_percentage` = :is_percentage,\n          `default_amount` = :default_amount,\n          `is_bonded` = :is_bonded,\n          `eligible_status` = :eligible_status\n          WHERE id = :id","params":{"method":"PUT","endpoint":"allowances"},"type":"DATABASE_ERROR"}
Stack Trace:
#0 C:\wamp642\www\payroll_system\api\allowances\index.php(154): PDOStatement->execute()
#1 {main}
================================================================================

================================================================================
[2026-01-13 12:00:22] ERROR
Message: SQLSTATE[23000]: Integrity constraint violation: 1048 Column 'action' cannot be null
File: C:\wamp642\www\payroll_system\api\allowances\index.php
Line: 154
Context: {"query":"UPDATE `allowances` SET \n          `allowance_code` = :code,\n          `allowance_name` = :name,\n          `description` = :description,\n          `is_percentage` = :is_percentage,\n          `default_amount` = :default_amount,\n          `is_bonded` = :is_bonded,\n          `eligible_status` = :eligible_status\n          WHERE id = :id","params":{"method":"PUT","endpoint":"allowances"},"type":"DATABASE_ERROR"}
Stack Trace:
#0 C:\wamp642\www\payroll_system\api\allowances\index.php(154): PDOStatement->execute()
#1 {main}
================================================================================

================================================================================
[2026-01-13 13:10:24] ERROR
Message: SQLSTATE[23000]: Integrity constraint violation: 1048 Column 'deduction_id' cannot be null
File: C:\wamp642\www\payroll_system\api\staffs\index.php
Line: 178
Context: {"query":"INSERT INTO staffs (`staff_number`, `first_name`, `last_name`, `other_names`, `ssnit`, `ghana_card`, \r\n                  `department_id`, `designation_id`, `status` , `bank_name`, `account_number`, `basic_salary`, `salary_currency`, `hire_date`, `bonded`) \r\n                  VALUES (:staff_number, :first_name, :last_name, :other_names, :ssnit, :ghanacard, \r\n                  :department_id, :designation_id, :status, :bank_name, :account_number, :basic_salary, :salary_currency, :hire_date, :bonded)","params":{"method":"POST","endpoint":"staffs","staff_number":"N\/A"},"type":"DATABASE_ERROR"}
Stack Trace:
#0 C:\wamp642\www\payroll_system\api\staffs\index.php(178): PDOStatement->execute()
#1 {main}
================================================================================

================================================================================
[2026-01-13 13:42:46] ERROR
Message: SQLSTATE[23000]: Integrity constraint violation: 1048 Column 'staff_id' cannot be null
File: C:\wamp642\www\payroll_system\api\staffs\index.php
Line: 135
Context: {"query":"Unknown query","params":{"method":"POST","endpoint":"staffs","staff_number":"N\/A"},"type":"DATABASE_ERROR"}
Stack Trace:
#0 C:\wamp642\www\payroll_system\api\staffs\index.php(135): PDOStatement->execute()
#1 {main}
================================================================================

================================================================================
[2026-01-13 13:43:05] ERROR
Message: SQLSTATE[23000]: Integrity constraint violation: 1048 Column 'staff_id' cannot be null
File: C:\wamp642\www\payroll_system\api\staffs\index.php
Line: 135
Context: {"query":"Unknown query","params":{"method":"POST","endpoint":"staffs","staff_number":"N\/A"},"type":"DATABASE_ERROR"}
Stack Trace:
#0 C:\wamp642\www\payroll_system\api\staffs\index.php(135): PDOStatement->execute()
#1 {main}
================================================================================

================================================================================
[2026-01-13 13:48:53] ERROR
Message: SQLSTATE[23000]: Integrity constraint violation: 1048 Column 'staff_id' cannot be null
File: C:\wamp642\www\payroll_system\api\staffs\index.php
Line: 135
Context: {"query":"Unknown query","params":{"method":"POST","endpoint":"staffs","staff_number":"N\/A"},"type":"DATABASE_ERROR"}
Stack Trace:
#0 C:\wamp642\www\payroll_system\api\staffs\index.php(135): PDOStatement->execute()
#1 {main}
================================================================================

================================================================================
[2026-01-13 13:48:58] ERROR
Message: SQLSTATE[23000]: Integrity constraint violation: 1048 Column 'staff_id' cannot be null
File: C:\wamp642\www\payroll_system\api\staffs\index.php
Line: 135
Context: {"query":"Unknown query","params":{"method":"POST","endpoint":"staffs","staff_number":"N\/A"},"type":"DATABASE_ERROR"}
Stack Trace:
#0 C:\wamp642\www\payroll_system\api\staffs\index.php(135): PDOStatement->execute()
#1 {main}
================================================================================

================================================================================
[2026-01-13 13:49:01] ERROR
Message: SQLSTATE[23000]: Integrity constraint violation: 1048 Column 'staff_id' cannot be null
File: C:\wamp642\www\payroll_system\api\staffs\index.php
Line: 135
Context: {"query":"Unknown query","params":{"method":"POST","endpoint":"staffs","staff_number":"N\/A"},"type":"DATABASE_ERROR"}
Stack Trace:
#0 C:\wamp642\www\payroll_system\api\staffs\index.php(135): PDOStatement->execute()
#1 {main}
================================================================================

================================================================================
[2026-01-13 13:49:01] ERROR
Message: SQLSTATE[23000]: Integrity constraint violation: 1048 Column 'staff_id' cannot be null
File: C:\wamp642\www\payroll_system\api\staffs\index.php
Line: 135
Context: {"query":"Unknown query","params":{"method":"POST","endpoint":"staffs","staff_number":"N\/A"},"type":"DATABASE_ERROR"}
Stack Trace:
#0 C:\wamp642\www\payroll_system\api\staffs\index.php(135): PDOStatement->execute()
#1 {main}
================================================================================

================================================================================
[2026-01-13 13:49:01] ERROR
Message: SQLSTATE[23000]: Integrity constraint violation: 1048 Column 'staff_id' cannot be null
File: C:\wamp642\www\payroll_system\api\staffs\index.php
Line: 135
Context: {"query":"Unknown query","params":{"method":"POST","endpoint":"staffs","staff_number":"N\/A"},"type":"DATABASE_ERROR"}
Stack Trace:
#0 C:\wamp642\www\payroll_system\api\staffs\index.php(135): PDOStatement->execute()
#1 {main}
================================================================================

================================================================================
[2026-01-13 13:49:01] ERROR
Message: SQLSTATE[23000]: Integrity constraint violation: 1048 Column 'staff_id' cannot be null
File: C:\wamp642\www\payroll_system\api\staffs\index.php
Line: 135
Context: {"query":"Unknown query","params":{"method":"POST","endpoint":"staffs","staff_number":"N\/A"},"type":"DATABASE_ERROR"}
Stack Trace:
#0 C:\wamp642\www\payroll_system\api\staffs\index.php(135): PDOStatement->execute()
#1 {main}
================================================================================

================================================================================
[2026-01-13 13:49:02] ERROR
Message: SQLSTATE[23000]: Integrity constraint violation: 1048 Column 'staff_id' cannot be null
File: C:\wamp642\www\payroll_system\api\staffs\index.php
Line: 135
Context: {"query":"Unknown query","params":{"method":"POST","endpoint":"staffs","staff_number":"N\/A"},"type":"DATABASE_ERROR"}
Stack Trace:
#0 C:\wamp642\www\payroll_system\api\staffs\index.php(135): PDOStatement->execute()
#1 {main}
================================================================================

================================================================================
[2026-01-13 13:49:02] ERROR
Message: SQLSTATE[23000]: Integrity constraint violation: 1048 Column 'staff_id' cannot be null
File: C:\wamp642\www\payroll_system\api\staffs\index.php
Line: 135
Context: {"query":"Unknown query","params":{"method":"POST","endpoint":"staffs","staff_number":"N\/A"},"type":"DATABASE_ERROR"}
Stack Trace:
#0 C:\wamp642\www\payroll_system\api\staffs\index.php(135): PDOStatement->execute()
#1 {main}
================================================================================

================================================================================
[2026-01-13 13:49:02] ERROR
Message: SQLSTATE[23000]: Integrity constraint violation: 1048 Column 'staff_id' cannot be null
File: C:\wamp642\www\payroll_system\api\staffs\index.php
Line: 135
Context: {"query":"Unknown query","params":{"method":"POST","endpoint":"staffs","staff_number":"N\/A"},"type":"DATABASE_ERROR"}
Stack Trace:
#0 C:\wamp642\www\payroll_system\api\staffs\index.php(135): PDOStatement->execute()
#1 {main}
================================================================================

================================================================================
[2026-01-13 13:49:02] ERROR
Message: SQLSTATE[23000]: Integrity constraint violation: 1048 Column 'staff_id' cannot be null
File: C:\wamp642\www\payroll_system\api\staffs\index.php
Line: 135
Context: {"query":"Unknown query","params":{"method":"POST","endpoint":"staffs","staff_number":"N\/A"},"type":"DATABASE_ERROR"}
Stack Trace:
#0 C:\wamp642\www\payroll_system\api\staffs\index.php(135): PDOStatement->execute()
#1 {main}
================================================================================

================================================================================
[2026-01-13 13:49:02] ERROR
Message: SQLSTATE[23000]: Integrity constraint violation: 1048 Column 'staff_id' cannot be null
File: C:\wamp642\www\payroll_system\api\staffs\index.php
Line: 135
Context: {"query":"Unknown query","params":{"method":"POST","endpoint":"staffs","staff_number":"N\/A"},"type":"DATABASE_ERROR"}
Stack Trace:
#0 C:\wamp642\www\payroll_system\api\staffs\index.php(135): PDOStatement->execute()
#1 {main}
================================================================================

================================================================================
[2026-01-13 13:49:03] ERROR
Message: SQLSTATE[23000]: Integrity constraint violation: 1048 Column 'staff_id' cannot be null
File: C:\wamp642\www\payroll_system\api\staffs\index.php
Line: 135
Context: {"query":"Unknown query","params":{"method":"POST","endpoint":"staffs","staff_number":"N\/A"},"type":"DATABASE_ERROR"}
Stack Trace:
#0 C:\wamp642\www\payroll_system\api\staffs\index.php(135): PDOStatement->execute()
#1 {main}
================================================================================

================================================================================
[2026-01-13 13:49:03] ERROR
Message: SQLSTATE[23000]: Integrity constraint violation: 1048 Column 'staff_id' cannot be null
File: C:\wamp642\www\payroll_system\api\staffs\index.php
Line: 135
Context: {"query":"Unknown query","params":{"method":"POST","endpoint":"staffs","staff_number":"N\/A"},"type":"DATABASE_ERROR"}
Stack Trace:
#0 C:\wamp642\www\payroll_system\api\staffs\index.php(135): PDOStatement->execute()
#1 {main}
================================================================================

================================================================================
[2026-01-13 13:49:03] ERROR
Message: SQLSTATE[23000]: Integrity constraint violation: 1048 Column 'staff_id' cannot be null
File: C:\wamp642\www\payroll_system\api\staffs\index.php
Line: 135
Context: {"query":"Unknown query","params":{"method":"POST","endpoint":"staffs","staff_number":"N\/A"},"type":"DATABASE_ERROR"}
Stack Trace:
#0 C:\wamp642\www\payroll_system\api\staffs\index.php(135): PDOStatement->execute()
#1 {main}
================================================================================

================================================================================
[2026-01-13 13:49:03] ERROR
Message: SQLSTATE[23000]: Integrity constraint violation: 1048 Column 'staff_id' cannot be null
File: C:\wamp642\www\payroll_system\api\staffs\index.php
Line: 135
Context: {"query":"Unknown query","params":{"method":"POST","endpoint":"staffs","staff_number":"N\/A"},"type":"DATABASE_ERROR"}
Stack Trace:
#0 C:\wamp642\www\payroll_system\api\staffs\index.php(135): PDOStatement->execute()
#1 {main}
================================================================================

================================================================================
[2026-01-13 13:49:03] ERROR
Message: SQLSTATE[23000]: Integrity constraint violation: 1048 Column 'staff_id' cannot be null
File: C:\wamp642\www\payroll_system\api\staffs\index.php
Line: 135
Context: {"query":"Unknown query","params":{"method":"POST","endpoint":"staffs","staff_number":"N\/A"},"type":"DATABASE_ERROR"}
Stack Trace:
#0 C:\wamp642\www\payroll_system\api\staffs\index.php(135): PDOStatement->execute()
#1 {main}
================================================================================

================================================================================
[2026-01-13 13:49:03] ERROR
Message: SQLSTATE[23000]: Integrity constraint violation: 1048 Column 'staff_id' cannot be null
File: C:\wamp642\www\payroll_system\api\staffs\index.php
Line: 135
Context: {"query":"Unknown query","params":{"method":"POST","endpoint":"staffs","staff_number":"N\/A"},"type":"DATABASE_ERROR"}
Stack Trace:
#0 C:\wamp642\www\payroll_system\api\staffs\index.php(135): PDOStatement->execute()
#1 {main}
================================================================================

================================================================================
[2026-01-13 13:49:04] ERROR
Message: SQLSTATE[23000]: Integrity constraint violation: 1048 Column 'staff_id' cannot be null
File: C:\wamp642\www\payroll_system\api\staffs\index.php
Line: 135
Context: {"query":"Unknown query","params":{"method":"POST","endpoint":"staffs","staff_number":"N\/A"},"type":"DATABASE_ERROR"}
Stack Trace:
#0 C:\wamp642\www\payroll_system\api\staffs\index.php(135): PDOStatement->execute()
#1 {main}
================================================================================

================================================================================
[2026-01-13 13:49:18] ERROR
Message: SQLSTATE[23000]: Integrity constraint violation: 1048 Column 'staff_id' cannot be null
File: C:\wamp642\www\payroll_system\api\staffs\index.php
Line: 135
Context: {"query":"Unknown query","params":{"method":"POST","endpoint":"staffs","staff_number":"N\/A"},"type":"DATABASE_ERROR"}
Stack Trace:
#0 C:\wamp642\www\payroll_system\api\staffs\index.php(135): PDOStatement->execute()
#1 {main}
================================================================================

================================================================================
[2026-01-15 01:14:12] ERROR
Message: SQLSTATE[42S22]: Column not found: 1054 Unknown column 'start_date' in 'field list'
File: C:\wamp642\www\payroll_system\api\payroll\entries.php
Line: 25
Context: {"query":"Unknown query","params":{"method":"GET","endpoint":"payroll\/entries","period_id":"1"},"type":"DATABASE_ERROR"}
Stack Trace:
#0 C:\wamp642\www\payroll_system\api\payroll\entries.php(25): PDOStatement->execute()
#1 {main}
================================================================================

================================================================================
[2026-01-15 01:14:14] ERROR
Message: SQLSTATE[42S22]: Column not found: 1054 Unknown column 'start_date' in 'field list'
File: C:\wamp642\www\payroll_system\api\payroll\entries.php
Line: 25
Context: {"query":"Unknown query","params":{"method":"GET","endpoint":"payroll\/entries","period_id":"1"},"type":"DATABASE_ERROR"}
Stack Trace:
#0 C:\wamp642\www\payroll_system\api\payroll\entries.php(25): PDOStatement->execute()
#1 {main}
================================================================================

================================================================================
[2026-01-15 01:14:16] ERROR
Message: SQLSTATE[42S22]: Column not found: 1054 Unknown column 'start_date' in 'field list'
File: C:\wamp642\www\payroll_system\api\payroll\entries.php
Line: 25
Context: {"query":"Unknown query","params":{"method":"GET","endpoint":"payroll\/entries","period_id":"1"},"type":"DATABASE_ERROR"}
Stack Trace:
#0 C:\wamp642\www\payroll_system\api\payroll\entries.php(25): PDOStatement->execute()
#1 {main}
================================================================================

================================================================================
[2026-01-18 11:45:00] ERROR
Message: SQLSTATE[42S22]: Column not found: 1054 Unknown column 'status' in 'field list'
File: C:\wamp642\www\payroll_system\api\payroll\list-by-department.php
Line: 109
Context: {"endpoint":"payroll\/list-by-department"}
Stack Trace:
#0 C:\wamp642\www\payroll_system\api\payroll\list-by-department.php(109): PDOStatement->execute(Array)
#1 {main}
================================================================================

================================================================================
[2026-01-18 11:45:07] ERROR
Message: SQLSTATE[42S22]: Column not found: 1054 Unknown column 'status' in 'field list'
File: C:\wamp642\www\payroll_system\api\payroll\list-by-department.php
Line: 109
Context: {"endpoint":"payroll\/list-by-department"}
Stack Trace:
#0 C:\wamp642\www\payroll_system\api\payroll\list-by-department.php(109): PDOStatement->execute(Array)
#1 {main}
================================================================================

================================================================================
[2026-01-18 11:48:33] ERROR
Message: SQLSTATE[42S22]: Column not found: 1054 Unknown column 'status' in 'field list'
File: C:\wamp642\www\payroll_system\api\payroll\list-by-department.php
Line: 111
Context: {"endpoint":"payroll\/list-by-department"}
Stack Trace:
#0 C:\wamp642\www\payroll_system\api\payroll\list-by-department.php(111): PDOStatement->execute(Array)
#1 {main}
================================================================================

================================================================================
[2026-01-18 11:49:06] ERROR
Message: SQLSTATE[42S22]: Column not found: 1054 Unknown column 'status' in 'field list'
File: C:\wamp642\www\payroll_system\api\payroll\list-by-department.php
Line: 111
Context: {"endpoint":"payroll\/list-by-department"}
Stack Trace:
#0 C:\wamp642\www\payroll_system\api\payroll\list-by-department.php(111): PDOStatement->execute(Array)
#1 {main}
================================================================================

================================================================================
[2026-01-18 11:51:15] ERROR
Message: Cannot use object of type stdClass as array
File: C:\wamp642\www\payroll_system\api\middleware\auth.php
Line: 65
Context: {"endpoint":"payroll\/list-by-department"}
Stack Trace:
#0 C:\wamp642\www\payroll_system\api\middleware\auth.php(28): verifyToken('eyJ0eXAiOiJKV1Q...')
#1 C:\wamp642\www\payroll_system\api\payroll\list-by-department.php(12): authenticate()
#2 {main}
================================================================================

================================================================================
[2026-01-18 11:51:52] ERROR
Message: SQLSTATE[42S22]: Column not found: 1054 Unknown column 'status' in 'field list'
File: C:\wamp642\www\payroll_system\api\payroll\list-by-department.php
Line: 111
Context: {"endpoint":"payroll\/list-by-department"}
Stack Trace:
#0 C:\wamp642\www\payroll_system\api\payroll\list-by-department.php(111): PDOStatement->execute(Array)
#1 {main}
================================================================================

================================================================================
[2026-01-18 11:53:34] ERROR
Message: SQLSTATE[42S22]: Column not found: 1054 Unknown column 'status' in 'field list'
File: C:\wamp642\www\payroll_system\api\payroll\list-by-department.php
Line: 111
Context: {"endpoint":"payroll\/list-by-department"}
Stack Trace:
#0 C:\wamp642\www\payroll_system\api\payroll\list-by-department.php(111): PDOStatement->execute(Array)
#1 {main}
================================================================================

================================================================================
[2026-01-18 11:54:23] ERROR
Message: SQLSTATE[42S22]: Column not found: 1054 Unknown column 'status' in 'field list'
File: C:\wamp642\www\payroll_system\api\payroll\list-by-department.php
Line: 111
Context: {"endpoint":"payroll\/list-by-department"}
Stack Trace:
#0 C:\wamp642\www\payroll_system\api\payroll\list-by-department.php(111): PDOStatement->execute(Array)
#1 {main}
================================================================================

================================================================================
[2026-01-18 12:05:52] ERROR
Message: SQLSTATE[HY093]: Invalid parameter number: number of bound variables does not match number of tokens
File: C:\wamp642\www\payroll_system\api\payroll\list-by-department.php
Line: 112
Context: {"endpoint":"payroll\/list-by-department"}
Stack Trace:
#0 C:\wamp642\www\payroll_system\api\payroll\list-by-department.php(112): PDOStatement->execute()
#1 {main}
================================================================================

================================================================================
[2026-01-18 12:06:05] ERROR
Message: SQLSTATE[HY093]: Invalid parameter number: number of bound variables does not match number of tokens
File: C:\wamp642\www\payroll_system\api\payroll\list-by-department.php
Line: 112
Context: {"endpoint":"payroll\/list-by-department"}
Stack Trace:
#0 C:\wamp642\www\payroll_system\api\payroll\list-by-department.php(112): PDOStatement->execute()
#1 {main}
================================================================================

================================================================================
[2026-01-18 12:06:10] ERROR
Message: SQLSTATE[HY093]: Invalid parameter number: number of bound variables does not match number of tokens
File: C:\wamp642\www\payroll_system\api\payroll\list-by-department.php
Line: 112
Context: {"endpoint":"payroll\/list-by-department"}
Stack Trace:
#0 C:\wamp642\www\payroll_system\api\payroll\list-by-department.php(112): PDOStatement->execute()
#1 {main}
================================================================================

================================================================================
[2026-01-20 14:45:34] ERROR
Message: SQLSTATE[42S22]: Column not found: 1054 Unknown column 'a.type' in 'field list'
File: C:\wamp642\www\payroll_system\api\payroll\staff-payroll-details.php
Line: 85
Context: {"endpoint":"staff-payroll-details"}
Stack Trace:
#0 C:\wamp642\www\payroll_system\api\payroll\staff-payroll-details.php(85): PDOStatement->execute(Array)
#1 {main}
================================================================================

================================================================================
[2026-01-20 14:55:43] ERROR
Message: SQLSTATE[42S22]: Column not found: 1054 Unknown column 'a.type' in 'field list'
File: C:\wamp642\www\payroll_system\api\payroll\staff-payroll-details.php
Line: 85
Context: {"endpoint":"staff-payroll-details"}
Stack Trace:
#0 C:\wamp642\www\payroll_system\api\payroll\staff-payroll-details.php(85): PDOStatement->execute(Array)
#1 {main}
================================================================================

================================================================================
[2026-01-20 14:59:43] ERROR
Message: SQLSTATE[42S22]: Column not found: 1054 Unknown column 'a.type' in 'field list'
File: C:\wamp642\www\payroll_system\api\payroll\staff-payroll-details.php
Line: 160
Context: {"endpoint":"staff-payroll-details"}
Stack Trace:
#0 C:\wamp642\www\payroll_system\api\payroll\staff-payroll-details.php(160): PDOStatement->execute(Array)
#1 {main}
================================================================================

================================================================================
[2026-01-20 15:00:00] ERROR
Message: SQLSTATE[42S22]: Column not found: 1054 Unknown column 'a.type' in 'field list'
File: C:\wamp642\www\payroll_system\api\payroll\staff-payroll-details.php
Line: 160
Context: {"endpoint":"staff-payroll-details"}
Stack Trace:
#0 C:\wamp642\www\payroll_system\api\payroll\staff-payroll-details.php(160): PDOStatement->execute(Array)
#1 {main}
================================================================================

================================================================================
[2026-01-20 15:00:18] ERROR
Message: SQLSTATE[42S22]: Column not found: 1054 Unknown column 'a.type' in 'field list'
File: C:\wamp642\www\payroll_system\api\payroll\staff-payroll-details.php
Line: 160
Context: {"endpoint":"staff-payroll-details"}
Stack Trace:
#0 C:\wamp642\www\payroll_system\api\payroll\staff-payroll-details.php(160): PDOStatement->execute(Array)
#1 {main}
================================================================================

================================================================================
[2026-01-20 15:04:06] ERROR
Message: SQLSTATE[42S22]: Column not found: 1054 Unknown column 'a.type' in 'field list'
File: C:\wamp642\www\payroll_system\api\payroll\staff-payroll-details.php
Line: 160
Context: {"endpoint":"staff-payroll-details"}
Stack Trace:
#0 C:\wamp642\www\payroll_system\api\payroll\staff-payroll-details.php(160): PDOStatement->execute(Array)
#1 {main}
================================================================================

================================================================================
[2026-01-20 15:05:01] ERROR
Message: SQLSTATE[42S02]: Base table or view not found: 1146 Table 'payroll_system.payroll_entry_allowances' doesn't exist
File: C:\wamp642\www\payroll_system\api\payroll\staff-payroll-details.php
Line: 93
Context: {"endpoint":"staff-payroll-details"}
Stack Trace:
#0 C:\wamp642\www\payroll_system\api\payroll\staff-payroll-details.php(93): PDOStatement->execute(Array)
#1 {main}
================================================================================

================================================================================
[2026-01-20 15:06:57] ERROR
Message: SQLSTATE[42S02]: Base table or view not found: 1146 Table 'payroll_system.payroll_entry_allowances' doesn't exist
File: C:\wamp642\www\payroll_system\api\payroll\staff-payroll-details.php
Line: 93
Context: {"endpoint":"staff-payroll-details"}
Stack Trace:
#0 C:\wamp642\www\payroll_system\api\payroll\staff-payroll-details.php(93): PDOStatement->execute(Array)
#1 {main}
================================================================================

================================================================================
[2026-01-20 15:07:51] ERROR
Message: SQLSTATE[42S22]: Column not found: 1054 Unknown column 'a.type' in 'field list'
File: C:\wamp642\www\payroll_system\api\payroll\staff-payroll-details.php
Line: 160
Context: {"endpoint":"staff-payroll-details"}
Stack Trace:
#0 C:\wamp642\www\payroll_system\api\payroll\staff-payroll-details.php(160): PDOStatement->execute(Array)
#1 {main}
================================================================================

================================================================================
[2026-01-20 15:12:19] ERROR
Message: SQLSTATE[42S22]: Column not found: 1054 Unknown column 'a.type' in 'field list'
File: C:\wamp642\www\payroll_system\api\payroll\process-details.php
Line: 99
Context: {"endpoint":"payroll\/process-details"}
Stack Trace:
#0 C:\wamp642\www\payroll_system\api\payroll\process-details.php(99): PDOStatement->execute(Array)
#1 {main}
================================================================================

================================================================================
[2026-01-20 16:32:27] ERROR
Message: SQLSTATE[42S22]: Column not found: 1054 Unknown column 'a.type' in 'field list'
File: C:\wamp642\www\payroll_system\api\payroll\process-details.php
Line: 99
Context: {"endpoint":"payroll\/process-details"}
Stack Trace:
#0 C:\wamp642\www\payroll_system\api\payroll\process-details.php(99): PDOStatement->execute(Array)
#1 {main}
================================================================================

================================================================================
[2026-01-20 18:09:35] ERROR
Message: SQLSTATE[42S22]: Column not found: 1054 Unknown column 'a.type' in 'field list'
File: C:\wamp642\www\payroll_system\api\payroll\process-details.php
Line: 99
Context: {"endpoint":"payroll\/process-details"}
Stack Trace:
#0 C:\wamp642\www\payroll_system\api\payroll\process-details.php(99): PDOStatement->execute(Array)
#1 {main}
================================================================================

================================================================================
[2026-01-20 18:24:09] ERROR
Message: SQLSTATE[42S22]: Column not found: 1054 Unknown column 'currency' in 'field list'
File: C:\wamp642\www\payroll_system\api\payroll\process-details.php
Line: 70
Context: {"endpoint":"staff-payroll-details"}
Stack Trace:
#0 C:\wamp642\www\payroll_system\api\payroll\process-details.php(70): PDOStatement->execute(Array)
#1 {main}
================================================================================

================================================================================
[2026-01-20 18:25:28] ERROR
Message: SQLSTATE[42S22]: Column not found: 1054 Unknown column 'currency' in 'field list'
File: C:\wamp642\www\payroll_system\api\payroll\process-details.php
Line: 70
Context: {"endpoint":"process-details"}
Stack Trace:
#0 C:\wamp642\www\payroll_system\api\payroll\process-details.php(70): PDOStatement->execute(Array)
#1 {main}
================================================================================

================================================================================
[2026-01-20 18:25:51] ERROR
Message: SQLSTATE[42S22]: Column not found: 1054 Unknown column 'currency' in 'field list'
File: C:\wamp642\www\payroll_system\api\payroll\process-details.php
Line: 70
Context: {"endpoint":"process-details"}
Stack Trace:
#0 C:\wamp642\www\payroll_system\api\payroll\process-details.php(70): PDOStatement->execute(Array)
#1 {main}
================================================================================

================================================================================
[2026-01-21 09:34:01] ERROR
Message: SQLSTATE[42S22]: Column not found: 1054 Unknown column 's.is_active' in 'where clause'
File: C:\wamp642\www\payroll_system\api\payroll\entries.php
Line: 71
Context: {"query":"Unknown query","params":{"method":"GET","endpoint":"payroll\/entries","period_id":"30"},"type":"DATABASE_ERROR"}
Stack Trace:
#0 C:\wamp642\www\payroll_system\api\payroll\entries.php(71): PDOStatement->execute()
#1 {main}
================================================================================

================================================================================
[2026-01-22 14:00:42] ERROR
Message: SQLSTATE[42S22]: Column not found: 1054 Unknown column 'a.type' in 'field list'
File: C:\wamp642\www\payroll_system\api\payroll\staff-allowances.php
Line: 55
Context: {"endpoint":"payroll\/staff-allowances","method":"GET"}
Stack Trace:
#0 C:\wamp642\www\payroll_system\api\payroll\staff-allowances.php(55): PDOStatement->execute()
#1 {main}
================================================================================

================================================================================
[2026-01-22 14:00:42] ERROR
Message: SQLSTATE[42S22]: Column not found: 1054 Unknown column 'd.type' in 'field list'
File: C:\wamp642\www\payroll_system\api\payroll\staff-deductions.php
Line: 39
Context: {"endpoint":"payroll\/staff-deductions","method":"GET"}
Stack Trace:
#0 C:\wamp642\www\payroll_system\api\payroll\staff-deductions.php(39): PDOStatement->execute()
#1 {main}
================================================================================

================================================================================
[2026-01-22 14:00:42] ERROR
Message: SQLSTATE[42S22]: Column not found: 1054 Unknown column 'd.type' in 'field list'
File: C:\wamp642\www\payroll_system\api\payroll\staff-deductions.php
Line: 39
Context: {"endpoint":"payroll\/staff-deductions","method":"GET"}
Stack Trace:
#0 C:\wamp642\www\payroll_system\api\payroll\staff-deductions.php(39): PDOStatement->execute()
#1 {main}
================================================================================

================================================================================
[2026-01-22 14:00:42] ERROR
Message: SQLSTATE[42S22]: Column not found: 1054 Unknown column 'a.type' in 'field list'
File: C:\wamp642\www\payroll_system\api\payroll\staff-allowances.php
Line: 55
Context: {"endpoint":"payroll\/staff-allowances","method":"GET"}
Stack Trace:
#0 C:\wamp642\www\payroll_system\api\payroll\staff-allowances.php(55): PDOStatement->execute()
#1 {main}
================================================================================

================================================================================
[2026-01-22 14:00:42] ERROR
Message: SQLSTATE[42S22]: Column not found: 1054 Unknown column 'a.type' in 'field list'
File: C:\wamp642\www\payroll_system\api\payroll\staff-allowances.php
Line: 55
Context: {"endpoint":"payroll\/staff-allowances","method":"GET"}
Stack Trace:
#0 C:\wamp642\www\payroll_system\api\payroll\staff-allowances.php(55): PDOStatement->execute()
#1 {main}
================================================================================

================================================================================
[2026-01-22 14:00:42] ERROR
Message: SQLSTATE[42S22]: Column not found: 1054 Unknown column 'd.type' in 'field list'
File: C:\wamp642\www\payroll_system\api\payroll\staff-deductions.php
Line: 39
Context: {"endpoint":"payroll\/staff-deductions","method":"GET"}
Stack Trace:
#0 C:\wamp642\www\payroll_system\api\payroll\staff-deductions.php(39): PDOStatement->execute()
#1 {main}
================================================================================

================================================================================
[2026-01-22 14:00:42] ERROR
Message: SQLSTATE[42S22]: Column not found: 1054 Unknown column 'a.type' in 'field list'
File: C:\wamp642\www\payroll_system\api\payroll\staff-allowances.php
Line: 55
Context: {"endpoint":"payroll\/staff-allowances","method":"GET"}
Stack Trace:
#0 C:\wamp642\www\payroll_system\api\payroll\staff-allowances.php(55): PDOStatement->execute()
#1 {main}
================================================================================

================================================================================
[2026-01-22 14:00:42] ERROR
Message: SQLSTATE[42S22]: Column not found: 1054 Unknown column 'd.type' in 'field list'
File: C:\wamp642\www\payroll_system\api\payroll\staff-deductions.php
Line: 39
Context: {"endpoint":"payroll\/staff-deductions","method":"GET"}
Stack Trace:
#0 C:\wamp642\www\payroll_system\api\payroll\staff-deductions.php(39): PDOStatement->execute()
#1 {main}
================================================================================

================================================================================
[2026-01-22 14:00:42] ERROR
Message: SQLSTATE[42S22]: Column not found: 1054 Unknown column 'd.type' in 'field list'
File: C:\wamp642\www\payroll_system\api\payroll\staff-deductions.php
Line: 39
Context: {"endpoint":"payroll\/staff-deductions","method":"GET"}
Stack Trace:
#0 C:\wamp642\www\payroll_system\api\payroll\staff-deductions.php(39): PDOStatement->execute()
#1 {main}
================================================================================

================================================================================
[2026-01-22 14:00:42] ERROR
Message: SQLSTATE[42S22]: Column not found: 1054 Unknown column 'a.type' in 'field list'
File: C:\wamp642\www\payroll_system\api\payroll\staff-allowances.php
Line: 55
Context: {"endpoint":"payroll\/staff-allowances","method":"GET"}
Stack Trace:
#0 C:\wamp642\www\payroll_system\api\payroll\staff-allowances.php(55): PDOStatement->execute()
#1 {main}
================================================================================

================================================================================
[2026-01-22 14:00:42] ERROR
Message: SQLSTATE[42S22]: Column not found: 1054 Unknown column 'd.type' in 'field list'
File: C:\wamp642\www\payroll_system\api\payroll\staff-deductions.php
Line: 39
Context: {"endpoint":"payroll\/staff-deductions","method":"GET"}
Stack Trace:
#0 C:\wamp642\www\payroll_system\api\payroll\staff-deductions.php(39): PDOStatement->execute()
#1 {main}
================================================================================

================================================================================
[2026-01-22 14:17:03] ERROR
Message: SQLSTATE[42S22]: Column not found: 1054 Unknown column 'a.allowed_on_leave' in 'field list'
File: C:\wamp642\www\payroll_system\api\payroll\staff-allowances.php
Line: 55
Context: {"endpoint":"payroll\/staff-allowances","method":"GET"}
Stack Trace:
#0 C:\wamp642\www\payroll_system\api\payroll\staff-allowances.php(55): PDOStatement->execute()
#1 {main}
================================================================================

================================================================================
[2026-01-22 14:17:03] ERROR
Message: SQLSTATE[42S22]: Column not found: 1054 Unknown column 'a.allowed_on_leave' in 'field list'
File: C:\wamp642\www\payroll_system\api\payroll\staff-allowances.php
Line: 55
Context: {"endpoint":"payroll\/staff-allowances","method":"GET"}
Stack Trace:
#0 C:\wamp642\www\payroll_system\api\payroll\staff-allowances.php(55): PDOStatement->execute()
#1 {main}
================================================================================

================================================================================
[2026-01-22 14:17:03] ERROR
Message: SQLSTATE[42S22]: Column not found: 1054 Unknown column 'a.allowed_on_leave' in 'field list'
File: C:\wamp642\www\payroll_system\api\payroll\staff-allowances.php
Line: 55
Context: {"endpoint":"payroll\/staff-allowances","method":"GET"}
Stack Trace:
#0 C:\wamp642\www\payroll_system\api\payroll\staff-allowances.php(55): PDOStatement->execute()
#1 {main}
================================================================================

================================================================================
[2026-01-22 14:17:03] ERROR
Message: SQLSTATE[42S22]: Column not found: 1054 Unknown column 'a.allowed_on_leave' in 'field list'
File: C:\wamp642\www\payroll_system\api\payroll\staff-allowances.php
Line: 55
Context: {"endpoint":"payroll\/staff-allowances","method":"GET"}
Stack Trace:
#0 C:\wamp642\www\payroll_system\api\payroll\staff-allowances.php(55): PDOStatement->execute()
#1 {main}
================================================================================

================================================================================
[2026-01-22 14:17:03] ERROR
Message: SQLSTATE[42S22]: Column not found: 1054 Unknown column 'a.allowed_on_leave' in 'field list'
File: C:\wamp642\www\payroll_system\api\payroll\staff-allowances.php
Line: 55
Context: {"endpoint":"payroll\/staff-allowances","method":"GET"}
Stack Trace:
#0 C:\wamp642\www\payroll_system\api\payroll\staff-allowances.php(55): PDOStatement->execute()
#1 {main}
================================================================================

================================================================================
[2026-01-22 14:17:03] ERROR
Message: SQLSTATE[42S22]: Column not found: 1054 Unknown column 'a.allowed_on_leave' in 'field list'
File: C:\wamp642\www\payroll_system\api\payroll\staff-allowances.php
Line: 55
Context: {"endpoint":"payroll\/staff-allowances","method":"GET"}
Stack Trace:
#0 C:\wamp642\www\payroll_system\api\payroll\staff-allowances.php(55): PDOStatement->execute()
#1 {main}
================================================================================

================================================================================
[2026-01-22 20:41:16] ERROR
Message: SQLSTATE[42S22]: Column not found: 1054 Unknown column 'updated_by' in 'field list'
File: C:\wamp642\www\payroll_system\api\payroll\bulk-entries.php
Line: 146
Context: {"bulk_entry_staff_id":"4"}
Stack Trace:
#0 C:\wamp642\www\payroll_system\api\payroll\bulk-entries.php(146): PDOStatement->execute(Array)
#1 {main}
================================================================================

================================================================================
[2026-01-22 20:41:16] ERROR
Message: SQLSTATE[42S22]: Column not found: 1054 Unknown column 'updated_by' in 'field list'
File: C:\wamp642\www\payroll_system\api\payroll\bulk-entries.php
Line: 146
Context: {"bulk_entry_staff_id":"7"}
Stack Trace:
#0 C:\wamp642\www\payroll_system\api\payroll\bulk-entries.php(146): PDOStatement->execute(Array)
#1 {main}
================================================================================

================================================================================
[2026-01-22 20:41:16] ERROR
Message: SQLSTATE[42S22]: Column not found: 1054 Unknown column 'updated_by' in 'field list'
File: C:\wamp642\www\payroll_system\api\payroll\bulk-entries.php
Line: 146
Context: {"bulk_entry_staff_id":"5"}
Stack Trace:
#0 C:\wamp642\www\payroll_system\api\payroll\bulk-entries.php(146): PDOStatement->execute(Array)
#1 {main}
================================================================================

================================================================================
[2026-01-26 15:12:55] ERROR
Message: SQLSTATE[42S22]: Column not found: 1054 Unknown column 'updated_by' in 'field list'
File: C:\wamp642\www\payroll_system\api\payroll\bulk-entries.php
Line: 146
Context: {"bulk_entry_staff_id":5}
Stack Trace:
#0 C:\wamp642\www\payroll_system\api\payroll\bulk-entries.php(146): PDOStatement->execute(Array)
#1 {main}
================================================================================

================================================================================
[2026-01-26 15:12:55] ERROR
Message: SQLSTATE[42S22]: Column not found: 1054 Unknown column 'updated_by' in 'field list'
File: C:\wamp642\www\payroll_system\api\payroll\bulk-entries.php
Line: 146
Context: {"bulk_entry_staff_id":4}
Stack Trace:
#0 C:\wamp642\www\payroll_system\api\payroll\bulk-entries.php(146): PDOStatement->execute(Array)
#1 {main}
================================================================================

================================================================================
[2026-01-26 15:12:55] ERROR
Message: SQLSTATE[42S22]: Column not found: 1054 Unknown column 'updated_by' in 'field list'
File: C:\wamp642\www\payroll_system\api\payroll\bulk-entries.php
Line: 146
Context: {"bulk_entry_staff_id":7}
Stack Trace:
#0 C:\wamp642\www\payroll_system\api\payroll\bulk-entries.php(146): PDOStatement->execute(Array)
#1 {main}
================================================================================

================================================================================
[2026-01-26 15:21:22] ERROR
Message: SQLSTATE[42S22]: Column not found: 1054 Unknown column 'updated_by' in 'field list'
File: C:\wamp642\www\payroll_system\api\payroll\bulk-entries.php
Line: 146
Context: {"bulk_entry_staff_id":5}
Stack Trace:
#0 C:\wamp642\www\payroll_system\api\payroll\bulk-entries.php(146): PDOStatement->execute(Array)
#1 {main}
================================================================================

================================================================================
[2026-01-26 15:21:22] ERROR
Message: SQLSTATE[42S22]: Column not found: 1054 Unknown column 'updated_by' in 'field list'
File: C:\wamp642\www\payroll_system\api\payroll\bulk-entries.php
Line: 146
Context: {"bulk_entry_staff_id":4}
Stack Trace:
#0 C:\wamp642\www\payroll_system\api\payroll\bulk-entries.php(146): PDOStatement->execute(Array)
#1 {main}
================================================================================

================================================================================
[2026-01-26 15:21:22] ERROR
Message: SQLSTATE[42S22]: Column not found: 1054 Unknown column 'updated_by' in 'field list'
File: C:\wamp642\www\payroll_system\api\payroll\bulk-entries.php
Line: 146
Context: {"bulk_entry_staff_id":7}
Stack Trace:
#0 C:\wamp642\www\payroll_system\api\payroll\bulk-entries.php(146): PDOStatement->execute(Array)
#1 {main}
================================================================================

================================================================================
[2026-01-26 15:21:36] ERROR
Message: SQLSTATE[42S22]: Column not found: 1054 Unknown column 'updated_by' in 'field list'
File: C:\wamp642\www\payroll_system\api\payroll\bulk-entries.php
Line: 146
Context: {"bulk_entry_staff_id":5}
Stack Trace:
#0 C:\wamp642\www\payroll_system\api\payroll\bulk-entries.php(146): PDOStatement->execute(Array)
#1 {main}
================================================================================

================================================================================
[2026-01-26 15:21:36] ERROR
Message: SQLSTATE[42S22]: Column not found: 1054 Unknown column 'updated_by' in 'field list'
File: C:\wamp642\www\payroll_system\api\payroll\bulk-entries.php
Line: 146
Context: {"bulk_entry_staff_id":4}
Stack Trace:
#0 C:\wamp642\www\payroll_system\api\payroll\bulk-entries.php(146): PDOStatement->execute(Array)
#1 {main}
================================================================================

================================================================================
[2026-01-26 15:21:36] ERROR
Message: SQLSTATE[42S22]: Column not found: 1054 Unknown column 'updated_by' in 'field list'
File: C:\wamp642\www\payroll_system\api\payroll\bulk-entries.php
Line: 146
Context: {"bulk_entry_staff_id":7}
Stack Trace:
#0 C:\wamp642\www\payroll_system\api\payroll\bulk-entries.php(146): PDOStatement->execute(Array)
#1 {main}
================================================================================

================================================================================
[2026-01-26 15:23:21] ERROR
Message: SQLSTATE[42S22]: Column not found: 1054 Unknown column 'updated_by' in 'field list'
File: C:\wamp642\www\payroll_system\api\payroll\bulk-entries.php
Line: 146
Context: {"bulk_entry_staff_id":5}
Stack Trace:
#0 C:\wamp642\www\payroll_system\api\payroll\bulk-entries.php(146): PDOStatement->execute(Array)
#1 {main}
================================================================================

================================================================================
[2026-01-26 15:23:21] ERROR
Message: SQLSTATE[42S22]: Column not found: 1054 Unknown column 'updated_by' in 'field list'
File: C:\wamp642\www\payroll_system\api\payroll\bulk-entries.php
Line: 146
Context: {"bulk_entry_staff_id":4}
Stack Trace:
#0 C:\wamp642\www\payroll_system\api\payroll\bulk-entries.php(146): PDOStatement->execute(Array)
#1 {main}
================================================================================

================================================================================
[2026-01-26 15:23:21] ERROR
Message: SQLSTATE[42S22]: Column not found: 1054 Unknown column 'updated_by' in 'field list'
File: C:\wamp642\www\payroll_system\api\payroll\bulk-entries.php
Line: 146
Context: {"bulk_entry_staff_id":7}
Stack Trace:
#0 C:\wamp642\www\payroll_system\api\payroll\bulk-entries.php(146): PDOStatement->execute(Array)
#1 {main}
================================================================================

================================================================================
[2026-01-26 15:47:27] ERROR
Message: SQLSTATE[42S22]: Column not found: 1054 Unknown column 'updated_by' in 'field list'
File: C:\wamp642\www\payroll_system\api\payroll\bulk-entries.php
Line: 146
Context: {"bulk_entry_staff_id":6}
Stack Trace:
#0 C:\wamp642\www\payroll_system\api\payroll\bulk-entries.php(146): PDOStatement->execute(Array)
#1 {main}
================================================================================

================================================================================
[2026-01-26 15:47:27] ERROR
Message: SQLSTATE[42S22]: Column not found: 1054 Unknown column 'updated_by' in 'field list'
File: C:\wamp642\www\payroll_system\api\payroll\bulk-entries.php
Line: 146
Context: {"bulk_entry_staff_id":5}
Stack Trace:
#0 C:\wamp642\www\payroll_system\api\payroll\bulk-entries.php(146): PDOStatement->execute(Array)
#1 {main}
================================================================================

================================================================================
[2026-01-26 15:47:27] ERROR
Message: SQLSTATE[42S22]: Column not found: 1054 Unknown column 'updated_by' in 'field list'
File: C:\wamp642\www\payroll_system\api\payroll\bulk-entries.php
Line: 146
Context: {"bulk_entry_staff_id":4}
Stack Trace:
#0 C:\wamp642\www\payroll_system\api\payroll\bulk-entries.php(146): PDOStatement->execute(Array)
#1 {main}
================================================================================

================================================================================
[2026-01-26 15:47:27] ERROR
Message: SQLSTATE[42S22]: Column not found: 1054 Unknown column 'updated_by' in 'field list'
File: C:\wamp642\www\payroll_system\api\payroll\bulk-entries.php
Line: 146
Context: {"bulk_entry_staff_id":7}
Stack Trace:
#0 C:\wamp642\www\payroll_system\api\payroll\bulk-entries.php(146): PDOStatement->execute(Array)
#1 {main}
================================================================================

================================================================================
[2026-01-26 15:48:35] ERROR
Message: SQLSTATE[42S22]: Column not found: 1054 Unknown column 'updated_by' in 'field list'
File: C:\wamp642\www\payroll_system\api\payroll\bulk-entries.php
Line: 146
Context: {"bulk_entry_staff_id":6}
Stack Trace:
#0 C:\wamp642\www\payroll_system\api\payroll\bulk-entries.php(146): PDOStatement->execute(Array)
#1 {main}
================================================================================

================================================================================
[2026-01-26 15:48:35] ERROR
Message: SQLSTATE[42S22]: Column not found: 1054 Unknown column 'updated_by' in 'field list'
File: C:\wamp642\www\payroll_system\api\payroll\bulk-entries.php
Line: 146
Context: {"bulk_entry_staff_id":5}
Stack Trace:
#0 C:\wamp642\www\payroll_system\api\payroll\bulk-entries.php(146): PDOStatement->execute(Array)
#1 {main}
================================================================================

================================================================================
[2026-01-26 15:48:35] ERROR
Message: SQLSTATE[42S22]: Column not found: 1054 Unknown column 'updated_by' in 'field list'
File: C:\wamp642\www\payroll_system\api\payroll\bulk-entries.php
Line: 146
Context: {"bulk_entry_staff_id":4}
Stack Trace:
#0 C:\wamp642\www\payroll_system\api\payroll\bulk-entries.php(146): PDOStatement->execute(Array)
#1 {main}
================================================================================

================================================================================
[2026-01-26 15:48:35] ERROR
Message: SQLSTATE[42S22]: Column not found: 1054 Unknown column 'updated_by' in 'field list'
File: C:\wamp642\www\payroll_system\api\payroll\bulk-entries.php
Line: 146
Context: {"bulk_entry_staff_id":7}
Stack Trace:
#0 C:\wamp642\www\payroll_system\api\payroll\bulk-entries.php(146): PDOStatement->execute(Array)
#1 {main}
================================================================================

================================================================================
[2026-01-27 11:55:58] ERROR
Message: SQLSTATE[42S22]: Column not found: 1054 Unknown column 'updated_by' in 'field list'
File: C:\wamp642\www\payroll_system\api\payroll\bulk-entries.php
Line: 146
Context: {"bulk_entry_staff_id":5}
Stack Trace:
#0 C:\wamp642\www\payroll_system\api\payroll\bulk-entries.php(146): PDOStatement->execute(Array)
#1 {main}
================================================================================

================================================================================
[2026-01-27 11:55:58] ERROR
Message: SQLSTATE[42S22]: Column not found: 1054 Unknown column 'updated_by' in 'field list'
File: C:\wamp642\www\payroll_system\api\payroll\bulk-entries.php
Line: 146
Context: {"bulk_entry_staff_id":4}
Stack Trace:
#0 C:\wamp642\www\payroll_system\api\payroll\bulk-entries.php(146): PDOStatement->execute(Array)
#1 {main}
================================================================================

================================================================================
[2026-01-27 11:55:58] ERROR
Message: SQLSTATE[42S22]: Column not found: 1054 Unknown column 'updated_by' in 'field list'
File: C:\wamp642\www\payroll_system\api\payroll\bulk-entries.php
Line: 146
Context: {"bulk_entry_staff_id":7}
Stack Trace:
#0 C:\wamp642\www\payroll_system\api\payroll\bulk-entries.php(146): PDOStatement->execute(Array)
#1 {main}
================================================================================

================================================================================
[2026-01-27 11:55:58] ERROR
Message: SQLSTATE[42S22]: Column not found: 1054 Unknown column 'updated_by' in 'field list'
File: C:\wamp642\www\payroll_system\api\payroll\bulk-entries.php
Line: 146
Context: {"bulk_entry_staff_id":8}
Stack Trace:
#0 C:\wamp642\www\payroll_system\api\payroll\bulk-entries.php(146): PDOStatement->execute(Array)
#1 {main}
================================================================================
